Microchip MPLAB XC8 Compiler V3.10

Linker command line:

-W-3 \
  --edf=C:\Program Files\Microchip\xc8\v3.10\pic\dat\20250813170317_en.msgs \
  -cn -h+dist/default/production\adc.X.production.sym \
  --cmf=dist/default/production\adc.X.production.cmf -z -Q16F877A \
  -oC:\Users\admin\AppData\Local\Temp\xcAsh2g.0\driver_tmp_3.o \
  --defsym=__MPLAB_BUILD=1 --fixupoverflow=error \
  -Mdist/default/production/adc.X.production.map \
  --md=C:\Users\admin\AppData\Local\Temp\xcAsh2g.0\driver_tmp_0.dat -E1 \
  -ver=XC8 Compiler -ACODE=00h-07FFhx4 -ASTRCODE=00h-01FFFh \
  -ASTRING=00h-0FFhx32 -ACONST=00h-0FFhx32 -AENTRY=00h-0FFhx32 \
  -ACOMMON=070h-07Fh -ABANK0=020h-06Fh -ABANK1=0A0h-0EFh \
  -ABANK2=0110h-016Fh -ABANK3=0190h-01EFh \
  -ARAM=020h-06Fh,0A0h-0EFh,0110h-016Fh,0190h-01EFh \
  -AABS1=020h-07Fh,0A0h-0EFh,0110h-016Fh,0190h-01EFh -ASFR0=00h-01Fh \
  -ASFR1=080h-09Fh -ASFR2=0100h-010Fh -ASFR3=0180h-018Fh \
  -ACONFIG=02007h-02007h -DCONFIG=2 -AIDLOC=02000h-02003h -DIDLOC=2 \
  -AEEDATA=00h-0FFh/02100h -peeprom_data=EEDATA -DEEDATA=2 -DCODE=2 \
  -DSTRCODE=2 -DSTRING=2 -DCONST=2 -DENTRY=2 \
  -preset_vec=00h,intentry,sivt,init,end_init -ppowerup=CODE -pcinit=CODE \
  -pfunctab=ENTRY -k \
  C:\Users\admin\AppData\Local\Temp\xcAsh2g.0\driver_tmp_17.o \
  dist/default/production\adc.X.production.o 

Object code version is 3.11

Machine type is 16F877A



                Name                               Link     Load   Length Selector   Space Scale
C:\Users\admin\AppData\Local\Temp\xcAsh2g.0\driver_tmp_17.o
                end_init                              0        0        3        0       0
dist/default/production\adc.X.production.o
                cinit                               7EC      7EC       14      FD8       0
                text20                              5F6      5F6       99      BEC       0
                text19                              40C      40C       46      818       0
                text18                              260      260        F      4C0       0
                text17                              26F      26F       12      4DE       0
                text16                              295      295       1B      52A       0
                text15                              281      281       14      502       0
                text14                              2B0      2B0       1B      560       0
                text13                              361      361       31      6C2       0
                text12                              311      311       25      622       0
                text11                              452      452       53      8A4       0
                text10                              3CA      3CA       42      794       0
                text9                               392      392       38      724       0
                text8                               257      257        1      4AE       0
                text7                               68F      68F       9A      D1E       0
                text6                               336      336       2B      66C       0
                text5                               4A5      4A5       53      94A       0
                text4                               4F8      4F8       69      9F0       0
                text3                               561      561       95      AC2       0
                text2                               2CB      2CB       23      596       0
                text1                               2EE      2EE       23      5DC       0
                maintext                            729      729       C3      E52       0
                cstackBANK0                          20       20       3C       20       1
                cstackCOMMON                         70       70        E       70       1
                cstackBANK1                          C0       C0       16       A0       1
                clrtext                             258      258        8      4B0       0
                bssBANK1                             A0       A0       20       A0       1
                bssBANK0                             5C       5C        5       20       1
                strings                               3        3       15        6       0

TOTAL           Name                               Link     Load   Length     Space
        CLASS   CODE           
                end_init                              0        0        3         0
                cinit                               7EC      7EC       14         0
                text20                              5F6      5F6       99         0
                text19                              40C      40C       46         0
                text18                              260      260        F         0
                text17                              26F      26F       12         0
                text16                              295      295       1B         0
                text15                              281      281       14         0
                text14                              2B0      2B0       1B         0
                text13                              361      361       31         0
                text12                              311      311       25         0
                text11                              452      452       53         0
                text10                              3CA      3CA       42         0
                text9                               392      392       38         0
                text8                               257      257        1         0
                text7                               68F      68F       9A         0
                text6                               336      336       2B         0
                text5                               4A5      4A5       53         0
                text4                               4F8      4F8       69         0
                text3                               561      561       95         0
                text2                               2CB      2CB       23         0
                text1                               2EE      2EE       23         0
                maintext                            729      729       C3         0
                clrtext                             258      258        8         0

        CLASS   STRCODE        

        CLASS   STRING         
                strings                               3        3       15         0

        CLASS   CONST          

        CLASS   ENTRY          

        CLASS   COMMON         
                cstackCOMMON                         70       70        E         1

        CLASS   BANK0          
                cstackBANK0                          20       20       3C         1
                bssBANK0                             5C       5C        5         1

        CLASS   BANK1          
                cstackBANK1                          C0       C0       16         1
                bssBANK1                             A0       A0       20         1

        CLASS   BANK2          

        CLASS   BANK3          

        CLASS   RAM            

        CLASS   ABS1           
                abs_s1                               7E       7E        2         1

        CLASS   SFR0           

        CLASS   SFR1           

        CLASS   SFR2           

        CLASS   SFR3           

        CLASS   CONFIG         

        CLASS   IDLOC          

        CLASS   EEDATA         

        CLASS   HEAP           

        CLASS   STACK          



SEGMENTS        Name                           Load    Length   Top    Selector   Space  Class     Delta

                reset_vec                      000000  000003  000003         0       0  CODE        2
                strings                        000003  000015  000018         6       0  STRING      2
                cstackBANK0                    000020  000041  000061        20       1  BANK0       1
                cstackCOMMON                   000070  00000E  00007E        70       1  COMMON      1
                bssBANK1                       0000A0  000036  0000D6        A0       1  BANK1       1
                text8                          000257  000001  000258       4AE       0  CODE        2
                clrtext                        000258  000008  000260       4B0       0  CODE        2
                text18                         000260  00000F  00026F       4C0       0  CODE        2
                text17                         00026F  000012  000281       4DE       0  CODE        2
                text15                         000281  000014  000295       502       0  CODE        2
                text16                         000295  00001B  0002B0       52A       0  CODE        2
                text14                         0002B0  00001B  0002CB       560       0  CODE        2
                text2                          0002CB  000023  0002EE       596       0  CODE        2
                text1                          0002EE  000023  000311       5DC       0  CODE        2
                text12                         000311  000025  000336       622       0  CODE        2
                text6                          000336  00002B  000361       66C       0  CODE        2
                text13                         000361  000031  000392       6C2       0  CODE        2
                text9                          000392  000038  0003CA       724       0  CODE        2
                text10                         0003CA  000042  00040C       794       0  CODE        2
                text19                         00040C  000046  000452       818       0  CODE        2
                text11                         000452  000053  0004A5       8A4       0  CODE        2
                text5                          0004A5  000053  0004F8       94A       0  CODE        2
                text4                          0004F8  000069  000561       9F0       0  CODE        2
                text3                          000561  000095  0005F6       AC2       0  CODE        2
                text20                         0005F6  000099  00068F       BEC       0  CODE        2
                text7                          00068F  00009A  000729       D1E       0  CODE        2
                maintext                       000729  0000C3  0007EC       E52       0  CODE        2
                cinit                          0007EC  000014  000800       FD8       0  CODE        2


UNUSED ADDRESS RANGES

        Name                Unused          Largest block    Delta
        BANK0            0061-006F              F           1
        BANK1            00D6-00EF             1A           1
        BANK2            0110-016F             60           1
        BANK3            0190-01EF             60           1
        CODE             0018-0256            23F           2
                         0800-1FFF            800
        CONFIG           2007-2007              1           2
        CONST            0018-0256            100           2
                         0800-1FFF            100
        EEDATA           2100-21FF            100           2
        ENTRY            0018-0256            100           2
                         0800-1FFF            100
        IDLOC            2000-2003              4           2
        RAM              0061-006F              F           1
                         00D6-00EF             1A
                         0110-016F             60
                         0190-01EF             60
        SFR0             0000-001F             20           1
        SFR1             0080-009F             20           1
        SFR2             0100-010F             10           1
        SFR3             0180-018F             10           1
        STRCODE          0018-0256            23F           2
                         0800-1FFF           1800
        STRING           0018-0256            100           2
                         0800-1FFF            100

                                  Symbol Table

?___aldiv                   cstackBANK0  0020
?___lmul                    cstackCOMMON 0070
?___lwdiv                   cstackCOMMON 0070
?___lwmod                   cstackCOMMON 0070
?___wmul                    cstackCOMMON 0070
?_adc_read_an0              cstackCOMMON 0070
?_read_prec_or_width        cstackCOMMON 0076
?_sprintf                   cstackBANK0  0048
?_vfprintf                  cstackBANK0  0043
_ADCON0                     (abs)        001F
_ADCON1                     (abs)        009F
_ADRESH                     (abs)        001E
_ADRESL                     (abs)        009E
_GO_nDONE                   (abs)        00FA
_PORTBbits                  (abs)        0006
_PORTD                      (abs)        0008
_TRISA                      (abs)        0085
_TRISB                      (abs)        0086
_TRISD                      (abs)        0088
__H__absolute__             __absolute__ 0000
__Habs1                     abs1         0000
__Hbank0                    bank0        0000
__Hbank1                    bank1        0000
__Hbank2                    bank2        0000
__Hbank3                    bank3        0000
__HbssBANK0                 bssBANK0     0000
__HbssBANK1                 bssBANK1     0000
__Hcinit                    cinit        0800
__Hclrtext                  clrtext      0000
__Hcode                     code         0000
__Hcommon                   common       0000
__HcstackBANK0              cstackBANK0  0000
__HcstackBANK1              cstackBANK1  0000
__HcstackCOMMON             cstackCOMMON 0000
__Heeprom_data              eeprom_data  0000
__Hend_init                 end_init     0003
__Hfunctab                  functab      0000
__Hheap                     heap         0000
__Hinit                     init         0000
__Hintentry                 intentry     0000
__Hmaintext                 maintext     0000
__Hpowerup                  powerup      0000
__Hram                      ram          0000
__Hreset_vec                reset_vec    0000
__Hsfr0                     sfr0         0000
__Hsfr1                     sfr1         0000
__Hsfr2                     sfr2         0000
__Hsfr3                     sfr3         0000
__Hsivt                     sivt         0000
__Hspace_0                  (abs)        0800
__Hspace_1                  (abs)        00D6
__Hspace_2                  (abs)        0000
__Hspace_3                  (abs)        0000
__Hstack                    stack        0000
__Hstrings                  strings      0000
__Htext                     text         0000
__L__absolute__             __absolute__ 0000
__Labs1                     abs1         0000
__Lbank0                    bank0        0000
__Lbank1                    bank1        0000
__Lbank2                    bank2        0000
__Lbank3                    bank3        0000
__LbssBANK0                 bssBANK0     0000
__LbssBANK1                 bssBANK1     0000
__Lcinit                    cinit        07EC
__Lclrtext                  clrtext      0000
__Lcode                     code         0000
__Lcommon                   common       0000
__LcstackBANK0              cstackBANK0  0000
__LcstackBANK1              cstackBANK1  0000
__LcstackCOMMON             cstackCOMMON 0000
__Leeprom_data              eeprom_data  0000
__Lend_init                 end_init     0000
__Lfunctab                  functab      0000
__Lheap                     heap         0000
__Linit                     init         0000
__Lintentry                 intentry     0000
__Lmaintext                 maintext     0000
__Lpowerup                  powerup      0000
__Lram                      ram          0000
__Lreset_vec                reset_vec    0000
__Lsfr0                     sfr0         0000
__Lsfr1                     sfr1         0000
__Lsfr2                     sfr2         0000
__Lsfr3                     sfr3         0000
__Lsivt                     sivt         0000
__Lspace_0                  (abs)        0000
__Lspace_1                  (abs)        0000
__Lspace_2                  (abs)        0000
__Lspace_3                  (abs)        0000
__Lstack                    stack        0000
__Lstrings                  strings      0000
__Ltext                     text         0000
__S0                        (abs)        0800
__S1                        (abs)        00D6
__S3                        (abs)        0000
___aldiv                    text20       05F6
___aldiv@counter            cstackBANK0  0028
___aldiv@dividend           cstackBANK0  0024
___aldiv@divisor            cstackBANK0  0020
___aldiv@quotient           cstackBANK0  002A
___aldiv@sign               cstackBANK0  0029
___heap_hi                  (abs)        0000
___heap_lo                  (abs)        0000
___int_sp                   stack        0000
___int_stack_hi             stack        0000
___int_stack_lo             stack        0000
___latbits                  (abs)        0002
___lmul                     text19       040C
___lmul@multiplicand        cstackCOMMON 0074
___lmul@multiplier          cstackCOMMON 0070
___lmul@product             cstackCOMMON 0079
___lwdiv                    text10       03CA
___lwdiv@counter            cstackCOMMON 0076
___lwdiv@dividend           cstackCOMMON 0072
___lwdiv@divisor            cstackCOMMON 0070
___lwdiv@quotient           cstackCOMMON 0074
___lwmod                    text9        0392
___lwmod@counter            cstackCOMMON 0074
___lwmod@dividend           cstackCOMMON 0072
___lwmod@divisor            cstackCOMMON 0070
___sp                       stack        0000
___stack_hi                 stack        0000
___stack_lo                 stack        0000
___stackhi                  (abs)        0000
___stacklo                  (abs)        0000
___wmul                     text12       0311
___wmul@multiplicand        cstackCOMMON 0072
___wmul@multiplier          cstackCOMMON 0070
___wmul@product             cstackCOMMON 0074
__end_of___aldiv            text20       068F
__end_of___lmul             text19       0452
__end_of___lwdiv            text10       040C
__end_of___lwmod            text9        03CA
__end_of___wmul             text12       0336
__end_of__initialization    cinit        07FC
__end_of__stringtab         strings      0009
__end_of_adc_init           text18       026F
__end_of_adc_read_an0       text17       0281
__end_of_fputc              text7        0729
__end_of_fputs              text6        0361
__end_of_lcdCommand         text14       02CB
__end_of_lcdSendDataByte    text16       02B0
__end_of_lcdSendString      text15       0295
__end_of_lcd_init           text13       0392
__end_of_main               maintext     07EC
__end_of_pad                text5        04F8
__end_of_putch              text8        0258
__end_of_read_prec_or_width text11       04A5
__end_of_sprintf            text1        0311
__end_of_utoa               text4        0561
__end_of_vfpfcnvrt          text3        05F6
__end_of_vfprintf           text2        02EE
__initialization            cinit        07EC
__pbssBANK0                 bssBANK0     005C
__pbssBANK1                 bssBANK1     00A0
__pcstackBANK0              cstackBANK0  0020
__pcstackBANK1              cstackBANK1  00C0
__pcstackCOMMON             cstackCOMMON 0070
__pmaintext                 maintext     0729
__pstrings                  strings      0003
__ptext1                    text1        02EE
__ptext10                   text10       03CA
__ptext11                   text11       0452
__ptext12                   text12       0311
__ptext13                   text13       0361
__ptext14                   text14       02B0
__ptext15                   text15       0281
__ptext16                   text16       0295
__ptext17                   text17       026F
__ptext18                   text18       0260
__ptext19                   text19       040C
__ptext2                    text2        02CB
__ptext20                   text20       05F6
__ptext3                    text3        0561
__ptext4                    text4        04F8
__ptext5                    text5        04A5
__ptext6                    text6        0336
__ptext7                    text7        068F
__ptext8                    text8        0257
__ptext9                    text9        0392
__stringbase                strings      0008
__stringtab                 strings      0003
_adc_init                   text18       0260
_adc_read_an0               text17       026F
_dbuf                       bssBANK1     00A0
_flags                      bssBANK0     0060
_fputc                      text7        068F
_fputs                      text6        0336
_lcdCommand                 text14       02B0
_lcdSendDataByte            text16       0295
_lcdSendString              text15       0281
_lcd_init                   text13       0361
_main                       maintext     0729
_pad                        text5        04A5
_prec                       bssBANK0     005E
_putch                      text8        0257
_read_prec_or_width         text11       0452
_sprintf                    text1        02EE
_utoa                       text4        04F8
_vfpfcnvrt                  text3        0561
_vfprintf                   text2        02CB
_width                      bssBANK0     005C
btemp                       (abs)        007E
btemp0                      (abs)        007E
btemp1                      (abs)        007F
clear_ram0                  clrtext      0258
end_of_initialization       cinit        07FC
fputc@c                     cstackCOMMON 0070
fputc@fp                    cstackCOMMON 0072
fputs@c                     cstackBANK0  0025
fputs@fp                    cstackBANK0  0021
fputs@i                     cstackBANK0  0026
fputs@s                     cstackBANK0  0020
intlevel0                   functab      0000
intlevel1                   functab      0000
intlevel2                   functab      0000
intlevel3                   functab      0000
intlevel4                   functab      0000
intlevel5                   functab      0000
lcdCommand@cmd              cstackCOMMON 0072
lcdSendDataByte@data        cstackCOMMON 0072
lcdSendString@addr          cstackCOMMON 0073
ltemp0a                     (abs)        0080
main@buffer                 cstackBANK1  00C0
main@mV                     cstackBANK1  00D4
main@prev_mV                cstackBANK1  00D0
main@raw                    cstackBANK1  00D2
pad@buf                     cstackBANK0  002A
pad@fp                      cstackBANK0  0028
pad@i                       cstackBANK0  002D
pad@p                       cstackBANK0  002B
read_prec_or_width@ap       cstackCOMMON 0077
read_prec_or_width@c        cstackCOMMON 0079
read_prec_or_width@fmt      cstackCOMMON 0076
read_prec_or_width@n        cstackCOMMON 007A
reset_vec                   reset_vec    0000
sprintf@ap                  cstackBANK0  004D
sprintf@f                   cstackBANK0  004E
sprintf@fmt                 cstackBANK0  0049
sprintf@s                   cstackBANK0  0048
start                       init         0000
start_initialization        cinit        07EC
ttemp0a                     (abs)        007F
utoa@d                      cstackBANK0  0031
utoa@fp                     cstackBANK0  002F
utoa@i                      cstackBANK0  0036
utoa@p                      cstackBANK0  0035
utoa@w                      cstackBANK0  0033
vfpfcnvrt@ap                cstackBANK0  003B
vfpfcnvrt@convarg           cstackBANK0  003E
vfpfcnvrt@cp                cstackBANK0  0042
vfpfcnvrt@fmt               cstackBANK0  003A
vfpfcnvrt@fp                cstackBANK0  0038
vfprintf@ap                 cstackBANK0  0046
vfprintf@cfmt               cstackBANK0  0047
vfprintf@fmt                cstackBANK0  0045
vfprintf@fp                 cstackBANK0  0043
wtemp0                      (abs)        007E
wtemp0a                     (abs)        007F


MODULE INFORMATION

Module		Function		Class		Link	Load	Size
C:\Program Files\Microchip\xc8\v3.10\pic\sources\c99\common\lwmod.c
		___lwmod       		CODE           	0392	0000	56

C:\Program Files\Microchip\xc8\v3.10\pic\sources\c99\common\lwmod.c estimated size: 56

C:\Program Files\Microchip\xc8\v3.10\pic\sources\c99\common\putch.c
		_putch         		CODE           	0257	0000	1

C:\Program Files\Microchip\xc8\v3.10\pic\sources\c99\common\putch.c estimated size: 1

C:\Program Files\Microchip\xc8\v3.10\pic\sources\c99\common\Umul32.c
		___lmul        		CODE           	040C	0000	70

C:\Program Files\Microchip\xc8\v3.10\pic\sources\c99\common\Umul32.c estimated size: 70

C:\Program Files\Microchip\xc8\v3.10\pic\sources\c99\common\nf_fputs.c
		_fputs         		CODE           	0336	0000	43

C:\Program Files\Microchip\xc8\v3.10\pic\sources\c99\common\nf_fputs.c estimated size: 43

C:\Program Files\Microchip\xc8\v3.10\pic\sources\c99\common\lwdiv.c
		___lwdiv       		CODE           	03CA	0000	66

C:\Program Files\Microchip\xc8\v3.10\pic\sources\c99\common\lwdiv.c estimated size: 66

adc.c
		_lcdCommand    		CODE           	02B0	0000	27
		_main          		CODE           	0729	0000	195
		_lcdSendDataByte		CODE           	0295	0000	27
		_adc_read_an0  		CODE           	026F	0000	18
		_adc_init      		CODE           	0260	0000	15
		_lcdSendString 		CODE           	0281	0000	20
		_lcd_init      		CODE           	0361	0000	49

adc.c estimated size: 351

C:\Program Files\Microchip\xc8\v3.10\pic\sources\c99\common\aldiv.c
		___aldiv       		CODE           	05F6	0000	153

C:\Program Files\Microchip\xc8\v3.10\pic\sources\c99\common\aldiv.c estimated size: 153

C:\Program Files\Microchip\xc8\v3.10\pic\sources\c99\common\nf_sprintf.c
		_sprintf       		CODE           	02EE	0000	35

C:\Program Files\Microchip\xc8\v3.10\pic\sources\c99\common\nf_sprintf.c estimated size: 35

shared
		__stringtab    		STRING         	0003	0000	6
		__initialization		CODE           	07EC	0000	16

shared estimated size: 22

C:\Program Files\Microchip\xc8\v3.10\pic\sources\c99\common\nf_fputc.c
		_fputc         		CODE           	068F	0000	154

C:\Program Files\Microchip\xc8\v3.10\pic\sources\c99\common\nf_fputc.c estimated size: 154

C:\Program Files\Microchip\xc8\v3.10\pic\sources\c99\common\doprnt.c
		_read_prec_or_width		CODE           	0452	0000	83
		_vfpfcnvrt     		CODE           	0561	0000	149
		_pad           		CODE           	04A5	0000	83
		_vfprintf      		CODE           	02CB	0000	35
		_utoa          		CODE           	04F8	0000	105

C:\Program Files\Microchip\xc8\v3.10\pic\sources\c99\common\doprnt.c estimated size: 455

C:\Program Files\Microchip\xc8\v3.10\pic\sources\c99\common\Umul16.c
		___wmul        		CODE           	0311	0000	37

C:\Program Files\Microchip\xc8\v3.10\pic\sources\c99\common\Umul16.c estimated size: 37

